// Jest Snapshot v1, https://goo.gl/fbAQLP

exports[`Text Element renders correctly 1`] = `
.c0 {
  font-family: '72';
  font-size: 14px;
  color: #515559;
  line-height: 1.57;
  margin: 0;
}

<p
  className="c0"
>
  A text tag
</p>
`;
