// Jest Snapshot v1, https://goo.gl/fbAQLP

exports[`Tooltip Element renders correctly 1`] = `
<div
  className="sc-bwzfXH kTnZog"
  onMouseEnter={[Function]}
  onMouseLeave={[Function]}
>
  Content for tooltip
</div>
`;
