// Jest Snapshot v1, https://goo.gl/fbAQLP

exports[`Header Element renders correctly 1`] = `
.c0 {
  font-family: '72';
  font-size: 16px;
  font-weight: normal;
  color: #32363a;
  margin: 0;
}

<p
  className="c0"
>
  A Header tag
</p>
`;
